[app.whatsbot.me/index.html]
[backblue.gif]
[fade.gif]
[index.html]
[app.whatsbot.me/assets/uploads/5cd990b82991f50c81b0852639cba7bf/895000de0d71e241d9ed35d0ca075884.png]
[app.whatsbot.me/inc/themes/frontend/wimax/assets/fonts/flags/flag-icon.css]
[app.whatsbot.me/inc/themes/frontend/wimax/assets/css/style.css]
[whatsbot.me/wp-content/uploads/2021/05/60.png]
[app.whatsbot.me/signup.html]
[app.whatsbot.me/forgot_password.html]
[app.whatsbot.me/inc/themes/frontend/wimax/assets/img/bg-img/hero-7.jpg]
[app.whatsbot.me/inc/themes/frontend/wimax/assets/js/jquery.min.js]
[app.whatsbot.me/inc/themes/frontend/wimax/assets/js/bootstrap.bundle.min.js]
[app.whatsbot.me/inc/themes/frontend/wimax/assets/js/waypoints.min.js]
[app.whatsbot.me/inc/themes/frontend/wimax/assets/js/jquery.easing.min.js]
[app.whatsbot.me/inc/themes/frontend/wimax/assets/js/default/classy-nav.min.js]
[app.whatsbot.me/inc/themes/frontend/wimax/assets/js/default/sticky.js]
[app.whatsbot.me/inc/themes/frontend/wimax/assets/js/default/one-page-nav.js]
[app.whatsbot.me/inc/themes/frontend/wimax/assets/js/jquery.magnific-popup.min.js]
[app.whatsbot.me/inc/themes/frontend/wimax/assets/js/default/scrollup.min.js]
[app.whatsbot.me/inc/themes/frontend/wimax/assets/js/owl.carousel.min.js]
[app.whatsbot.me/inc/themes/frontend/wimax/assets/js/jarallax.min.js]
[app.whatsbot.me/inc/themes/frontend/wimax/assets/js/jarallax-video.min.js]
[app.whatsbot.me/inc/themes/frontend/wimax/assets/js/jquery.counterup.min.js]
[app.whatsbot.me/inc/themes/frontend/wimax/assets/js/jquery.countdown.min.js]
[app.whatsbot.me/inc/themes/frontend/wimax/assets/js/wow.min.js]
[app.whatsbot.me/inc/themes/frontend/wimax/assets/js/default/mail.js]
[app.whatsbot.me/inc/themes/frontend/wimax/assets/js/wimax.js]
[app.whatsbot.me/index.html]
[app.whatsbot.me/inc/themes/frontend/wimax/assets/js/default/active.js]
[app.whatsbot.me/inc/themes/frontend/wimax/assets/fonts/flags/flags/ad.svg]
[app.whatsbot.me/inc/themes/frontend/wimax/assets/fonts/flags/flags/ae.svg]
[app.whatsbot.me/inc/themes/frontend/wimax/assets/fonts/flags/flags/af.svg]
[app.whatsbot.me/inc/themes/frontend/wimax/assets/fonts/flags/flags/ag.svg]
[app.whatsbot.me/inc/themes/frontend/wimax/assets/fonts/flags/flags/ai.svg]
[app.whatsbot.me/inc/themes/frontend/wimax/assets/fonts/flags/flags/al.svg]
[app.whatsbot.me/inc/themes/frontend/wimax/assets/fonts/flags/flags/am.svg]
[app.whatsbot.me/inc/themes/frontend/wimax/assets/fonts/flags/flags/ao.svg]
[app.whatsbot.me/inc/themes/frontend/wimax/assets/fonts/flags/flags/aq.svg]
[app.whatsbot.me/inc/themes/frontend/wimax/assets/fonts/flags/flags/ar.svg]
[app.whatsbot.me/inc/themes/frontend/wimax/assets/fonts/flags/flags/as.svg]
[app.whatsbot.me/inc/themes/frontend/wimax/assets/fonts/flags/flags/at.svg]
[app.whatsbot.me/inc/themes/frontend/wimax/assets/fonts/flags/flags/au.svg]
[app.whatsbot.me/inc/themes/frontend/wimax/assets/fonts/flags/flags/aw.svg]
[app.whatsbot.me/inc/themes/frontend/wimax/assets/fonts/flags/flags/ax.svg]
[app.whatsbot.me/inc/themes/frontend/wimax/assets/fonts/flags/flags/az.svg]
[app.whatsbot.me/inc/themes/frontend/wimax/assets/fonts/flags/flags/ba.svg]
[app.whatsbot.me/inc/themes/frontend/wimax/assets/fonts/flags/flags/bb.svg]
[app.whatsbot.me/inc/themes/frontend/wimax/assets/fonts/flags/flags/bd.svg]
[app.whatsbot.me/inc/themes/frontend/wimax/assets/fonts/flags/flags/be.svg]
[app.whatsbot.me/inc/themes/frontend/wimax/assets/fonts/flags/flags/bf.svg]
[app.whatsbot.me/inc/themes/frontend/wimax/assets/fonts/flags/flags/bg.svg]
[app.whatsbot.me/inc/themes/frontend/wimax/assets/fonts/flags/flags/bh.svg]
[app.whatsbot.me/inc/themes/frontend/wimax/assets/fonts/flags/flags/bi.svg]
[app.whatsbot.me/inc/themes/frontend/wimax/assets/fonts/flags/flags/bj.svg]
[app.whatsbot.me/inc/themes/frontend/wimax/assets/fonts/flags/flags/bl.svg]
[app.whatsbot.me/inc/themes/frontend/wimax/assets/fonts/flags/flags/bm.svg]
[app.whatsbot.me/inc/themes/frontend/wimax/assets/fonts/flags/flags/bn.svg]
[app.whatsbot.me/inc/themes/frontend/wimax/assets/fonts/flags/flags/bo.svg]
[app.whatsbot.me/inc/themes/frontend/wimax/assets/fonts/flags/flags/bq.svg]
[app.whatsbot.me/inc/themes/frontend/wimax/assets/fonts/flags/flags/br.svg]
[app.whatsbot.me/inc/themes/frontend/wimax/assets/fonts/flags/flags/bs.svg]
[app.whatsbot.me/inc/themes/frontend/wimax/assets/fonts/flags/flags/bt.svg]
[app.whatsbot.me/inc/themes/frontend/wimax/assets/fonts/flags/flags/bv.svg]
[app.whatsbot.me/inc/themes/frontend/wimax/assets/fonts/flags/flags/bw.svg]
[app.whatsbot.me/inc/themes/frontend/wimax/assets/fonts/flags/flags/by.svg]
[app.whatsbot.me/inc/themes/frontend/wimax/assets/fonts/flags/flags/bz.svg]
[app.whatsbot.me/inc/themes/frontend/wimax/assets/fonts/flags/flags/ca.svg]
[app.whatsbot.me/inc/themes/frontend/wimax/assets/fonts/flags/flags/cc.svg]
[app.whatsbot.me/inc/themes/frontend/wimax/assets/fonts/flags/flags/cd.svg]
[app.whatsbot.me/inc/themes/frontend/wimax/assets/fonts/flags/flags/cf.svg]
[app.whatsbot.me/inc/themes/frontend/wimax/assets/fonts/flags/flags/cg.svg]
[app.whatsbot.me/inc/themes/frontend/wimax/assets/fonts/flags/flags/ch.svg]
[app.whatsbot.me/inc/themes/frontend/wimax/assets/fonts/flags/flags/ci.svg]
[app.whatsbot.me/inc/themes/frontend/wimax/assets/fonts/flags/flags/ck.svg]
[app.whatsbot.me/inc/themes/frontend/wimax/assets/fonts/flags/flags/cl.svg]
[app.whatsbot.me/inc/themes/frontend/wimax/assets/fonts/flags/flags/cm.svg]
[app.whatsbot.me/inc/themes/frontend/wimax/assets/fonts/flags/flags/cn.svg]
[app.whatsbot.me/inc/themes/frontend/wimax/assets/fonts/flags/flags/co.svg]
[app.whatsbot.me/inc/themes/frontend/wimax/assets/fonts/flags/flags/cr.svg]
[app.whatsbot.me/inc/themes/frontend/wimax/assets/fonts/flags/flags/cu.svg]
[app.whatsbot.me/inc/themes/frontend/wimax/assets/fonts/flags/flags/cv.svg]
[app.whatsbot.me/inc/themes/frontend/wimax/assets/fonts/flags/flags/cw.svg]
[app.whatsbot.me/inc/themes/frontend/wimax/assets/fonts/flags/flags/cx.svg]
[app.whatsbot.me/inc/themes/frontend/wimax/assets/fonts/flags/flags/cy.svg]
[app.whatsbot.me/inc/themes/frontend/wimax/assets/fonts/flags/flags/cz.svg]
[app.whatsbot.me/inc/themes/frontend/wimax/assets/fonts/flags/flags/de.svg]
[app.whatsbot.me/inc/themes/frontend/wimax/assets/fonts/flags/flags/dj.svg]
[app.whatsbot.me/inc/themes/frontend/wimax/assets/fonts/flags/flags/dk.svg]
[app.whatsbot.me/inc/themes/frontend/wimax/assets/fonts/flags/flags/dm.svg]
[app.whatsbot.me/inc/themes/frontend/wimax/assets/fonts/flags/flags/do.svg]
[app.whatsbot.me/inc/themes/frontend/wimax/assets/fonts/flags/flags/dz.svg]
[app.whatsbot.me/inc/themes/frontend/wimax/assets/fonts/flags/flags/ec.svg]
[app.whatsbot.me/inc/themes/frontend/wimax/assets/fonts/flags/flags/ee.svg]
[app.whatsbot.me/inc/themes/frontend/wimax/assets/fonts/flags/flags/eg.svg]
[app.whatsbot.me/inc/themes/frontend/wimax/assets/fonts/flags/flags/eh.svg]
[app.whatsbot.me/inc/themes/frontend/wimax/assets/fonts/flags/flags/er.svg]
[app.whatsbot.me/inc/themes/frontend/wimax/assets/fonts/flags/flags/es.svg]
[app.whatsbot.me/inc/themes/frontend/wimax/assets/fonts/flags/flags/et.svg]
[app.whatsbot.me/inc/themes/frontend/wimax/assets/fonts/flags/flags/fi.svg]
[app.whatsbot.me/inc/themes/frontend/wimax/assets/fonts/flags/flags/fj.svg]
[app.whatsbot.me/inc/themes/frontend/wimax/assets/fonts/flags/flags/fk.svg]
[app.whatsbot.me/inc/themes/frontend/wimax/assets/fonts/flags/flags/fm.svg]
[app.whatsbot.me/inc/themes/frontend/wimax/assets/fonts/flags/flags/fo.svg]
[app.whatsbot.me/inc/themes/frontend/wimax/assets/fonts/flags/flags/fr.svg]
[app.whatsbot.me/inc/themes/frontend/wimax/assets/fonts/flags/flags/ga.svg]
[app.whatsbot.me/inc/themes/frontend/wimax/assets/fonts/flags/flags/gb.svg]
[app.whatsbot.me/inc/themes/frontend/wimax/assets/fonts/flags/flags/gd.svg]
[app.whatsbot.me/inc/themes/frontend/wimax/assets/fonts/flags/flags/ge.svg]
[app.whatsbot.me/inc/themes/frontend/wimax/assets/fonts/flags/flags/gf.svg]
[app.whatsbot.me/inc/themes/frontend/wimax/assets/fonts/flags/flags/gg.svg]
[app.whatsbot.me/inc/themes/frontend/wimax/assets/fonts/flags/flags/gh.svg]
[app.whatsbot.me/inc/themes/frontend/wimax/assets/fonts/flags/flags/gi.svg]
[app.whatsbot.me/inc/themes/frontend/wimax/assets/fonts/flags/flags/gl.svg]
[app.whatsbot.me/inc/themes/frontend/wimax/assets/fonts/flags/flags/gm.svg]
[app.whatsbot.me/inc/themes/frontend/wimax/assets/fonts/flags/flags/gn.svg]
[app.whatsbot.me/inc/themes/frontend/wimax/assets/fonts/flags/flags/gp.svg]
[app.whatsbot.me/inc/themes/frontend/wimax/assets/fonts/flags/flags/gq.svg]
[app.whatsbot.me/inc/themes/frontend/wimax/assets/fonts/flags/flags/gr.svg]
[app.whatsbot.me/inc/themes/frontend/wimax/assets/fonts/flags/flags/gs.svg]
[app.whatsbot.me/inc/themes/frontend/wimax/assets/fonts/flags/flags/gt.svg]
[app.whatsbot.me/inc/themes/frontend/wimax/assets/fonts/flags/flags/gu.svg]
[app.whatsbot.me/inc/themes/frontend/wimax/assets/fonts/flags/flags/gw.svg]
[app.whatsbot.me/inc/themes/frontend/wimax/assets/fonts/flags/flags/gy.svg]
[app.whatsbot.me/inc/themes/frontend/wimax/assets/fonts/flags/flags/hk.svg]
[app.whatsbot.me/inc/themes/frontend/wimax/assets/fonts/flags/flags/hm.svg]
[app.whatsbot.me/inc/themes/frontend/wimax/assets/fonts/flags/flags/hn.svg]
[app.whatsbot.me/inc/themes/frontend/wimax/assets/fonts/flags/flags/hr.svg]
[app.whatsbot.me/inc/themes/frontend/wimax/assets/fonts/flags/flags/ht.svg]
[app.whatsbot.me/inc/themes/frontend/wimax/assets/fonts/flags/flags/hu.svg]
[app.whatsbot.me/inc/themes/frontend/wimax/assets/fonts/flags/flags/id.svg]
[app.whatsbot.me/inc/themes/frontend/wimax/assets/fonts/flags/flags/ie.svg]
[app.whatsbot.me/inc/themes/frontend/wimax/assets/fonts/flags/flags/il.svg]
[app.whatsbot.me/inc/themes/frontend/wimax/assets/fonts/flags/flags/im.svg]
[app.whatsbot.me/inc/themes/frontend/wimax/assets/fonts/flags/flags/in.svg]
[app.whatsbot.me/inc/themes/frontend/wimax/assets/fonts/flags/flags/io.svg]
[app.whatsbot.me/inc/themes/frontend/wimax/assets/fonts/flags/flags/iq.svg]
[app.whatsbot.me/inc/themes/frontend/wimax/assets/fonts/flags/flags/ir.svg]
[app.whatsbot.me/inc/themes/frontend/wimax/assets/fonts/flags/flags/is.svg]
[app.whatsbot.me/inc/themes/frontend/wimax/assets/fonts/flags/flags/it.svg]
[app.whatsbot.me/inc/themes/frontend/wimax/assets/fonts/flags/flags/je.svg]
[app.whatsbot.me/inc/themes/frontend/wimax/assets/fonts/flags/flags/jm.svg]
[app.whatsbot.me/inc/themes/frontend/wimax/assets/fonts/flags/flags/jo.svg]
[app.whatsbot.me/inc/themes/frontend/wimax/assets/fonts/flags/flags/jp.svg]
[app.whatsbot.me/inc/themes/frontend/wimax/assets/fonts/flags/flags/ke.svg]
[app.whatsbot.me/inc/themes/frontend/wimax/assets/fonts/flags/flags/kg.svg]
[app.whatsbot.me/inc/themes/frontend/wimax/assets/fonts/flags/flags/kh.svg]
[app.whatsbot.me/inc/themes/frontend/wimax/assets/fonts/flags/flags/ki.svg]
[app.whatsbot.me/inc/themes/frontend/wimax/assets/fonts/flags/flags/km.svg]
[app.whatsbot.me/inc/themes/frontend/wimax/assets/fonts/flags/flags/kn.svg]
[app.whatsbot.me/inc/themes/frontend/wimax/assets/fonts/flags/flags/kp.svg]
[app.whatsbot.me/inc/themes/frontend/wimax/assets/fonts/flags/flags/kr.svg]
[app.whatsbot.me/inc/themes/frontend/wimax/assets/fonts/flags/flags/kw.svg]
[app.whatsbot.me/inc/themes/frontend/wimax/assets/fonts/flags/flags/ky.svg]
[app.whatsbot.me/inc/themes/frontend/wimax/assets/fonts/flags/flags/kz.svg]
[app.whatsbot.me/inc/themes/frontend/wimax/assets/fonts/flags/flags/la.svg]
[app.whatsbot.me/inc/themes/frontend/wimax/assets/fonts/flags/flags/lb.svg]
[app.whatsbot.me/inc/themes/frontend/wimax/assets/fonts/flags/flags/lc.svg]
[app.whatsbot.me/inc/themes/frontend/wimax/assets/fonts/flags/flags/li.svg]
[app.whatsbot.me/inc/themes/frontend/wimax/assets/fonts/flags/flags/lk.svg]
[app.whatsbot.me/inc/themes/frontend/wimax/assets/fonts/flags/flags/lr.svg]
[app.whatsbot.me/inc/themes/frontend/wimax/assets/fonts/flags/flags/ls.svg]
[app.whatsbot.me/inc/themes/frontend/wimax/assets/fonts/flags/flags/lt.svg]
[app.whatsbot.me/inc/themes/frontend/wimax/assets/fonts/flags/flags/lu.svg]
[app.whatsbot.me/inc/themes/frontend/wimax/assets/fonts/flags/flags/lv.svg]
[app.whatsbot.me/inc/themes/frontend/wimax/assets/fonts/flags/flags/ly.svg]
[app.whatsbot.me/inc/themes/frontend/wimax/assets/fonts/flags/flags/ma.svg]
[app.whatsbot.me/inc/themes/frontend/wimax/assets/fonts/flags/flags/mc.svg]
[app.whatsbot.me/inc/themes/frontend/wimax/assets/fonts/flags/flags/md.svg]
[app.whatsbot.me/inc/themes/frontend/wimax/assets/fonts/flags/flags/me.svg]
[app.whatsbot.me/inc/themes/frontend/wimax/assets/fonts/flags/flags/mf.svg]
[app.whatsbot.me/inc/themes/frontend/wimax/assets/fonts/flags/flags/mg.svg]
[app.whatsbot.me/inc/themes/frontend/wimax/assets/fonts/flags/flags/mh.svg]
[app.whatsbot.me/inc/themes/frontend/wimax/assets/fonts/flags/flags/mk.svg]
[app.whatsbot.me/inc/themes/frontend/wimax/assets/fonts/flags/flags/ml.svg]
[app.whatsbot.me/inc/themes/frontend/wimax/assets/fonts/flags/flags/mm.svg]
[app.whatsbot.me/inc/themes/frontend/wimax/assets/fonts/flags/flags/mn.svg]
[app.whatsbot.me/inc/themes/frontend/wimax/assets/fonts/flags/flags/mo.svg]
[app.whatsbot.me/inc/themes/frontend/wimax/assets/fonts/flags/flags/mp.svg]
[app.whatsbot.me/inc/themes/frontend/wimax/assets/fonts/flags/flags/mq.svg]
[app.whatsbot.me/inc/themes/frontend/wimax/assets/fonts/flags/flags/mr.svg]
[app.whatsbot.me/inc/themes/frontend/wimax/assets/fonts/flags/flags/ms.svg]
[app.whatsbot.me/inc/themes/frontend/wimax/assets/fonts/flags/flags/mt.svg]
[app.whatsbot.me/inc/themes/frontend/wimax/assets/fonts/flags/flags/mu.svg]
[app.whatsbot.me/inc/themes/frontend/wimax/assets/fonts/flags/flags/mv.svg]
[app.whatsbot.me/inc/themes/frontend/wimax/assets/fonts/flags/flags/mw.svg]
[app.whatsbot.me/inc/themes/frontend/wimax/assets/fonts/flags/flags/mx.svg]
[app.whatsbot.me/inc/themes/frontend/wimax/assets/fonts/flags/flags/my.svg]
[app.whatsbot.me/inc/themes/frontend/wimax/assets/fonts/flags/flags/mz.svg]
[app.whatsbot.me/inc/themes/frontend/wimax/assets/fonts/flags/flags/na.svg]
[app.whatsbot.me/inc/themes/frontend/wimax/assets/fonts/flags/flags/nc.svg]
[app.whatsbot.me/inc/themes/frontend/wimax/assets/fonts/flags/flags/ne.svg]
[app.whatsbot.me/inc/themes/frontend/wimax/assets/fonts/flags/flags/nf.svg]
[app.whatsbot.me/inc/themes/frontend/wimax/assets/fonts/flags/flags/ng.svg]
[app.whatsbot.me/inc/themes/frontend/wimax/assets/fonts/flags/flags/ni.svg]
[app.whatsbot.me/inc/themes/frontend/wimax/assets/fonts/flags/flags/nl.svg]
[app.whatsbot.me/inc/themes/frontend/wimax/assets/fonts/flags/flags/no.svg]
[app.whatsbot.me/inc/themes/frontend/wimax/assets/fonts/flags/flags/np.svg]
[app.whatsbot.me/inc/themes/frontend/wimax/assets/fonts/flags/flags/nr.svg]
[app.whatsbot.me/inc/themes/frontend/wimax/assets/fonts/flags/flags/nu.svg]
[app.whatsbot.me/inc/themes/frontend/wimax/assets/fonts/flags/flags/nz.svg]
[app.whatsbot.me/inc/themes/frontend/wimax/assets/fonts/flags/flags/om.svg]
[app.whatsbot.me/inc/themes/frontend/wimax/assets/fonts/flags/flags/pa.svg]
[app.whatsbot.me/inc/themes/frontend/wimax/assets/fonts/flags/flags/pe.svg]
[app.whatsbot.me/inc/themes/frontend/wimax/assets/fonts/flags/flags/pf.svg]
[app.whatsbot.me/inc/themes/frontend/wimax/assets/fonts/flags/flags/pg.svg]
[app.whatsbot.me/inc/themes/frontend/wimax/assets/fonts/flags/flags/ph.svg]
[app.whatsbot.me/inc/themes/frontend/wimax/assets/fonts/flags/flags/pk.svg]
[app.whatsbot.me/inc/themes/frontend/wimax/assets/fonts/flags/flags/pl.svg]
[app.whatsbot.me/inc/themes/frontend/wimax/assets/fonts/flags/flags/pm.svg]
[app.whatsbot.me/inc/themes/frontend/wimax/assets/fonts/flags/flags/pn.svg]
[app.whatsbot.me/inc/themes/frontend/wimax/assets/fonts/flags/flags/pr.svg]
[app.whatsbot.me/inc/themes/frontend/wimax/assets/fonts/flags/flags/ps.svg]
[app.whatsbot.me/inc/themes/frontend/wimax/assets/fonts/flags/flags/pt.svg]
[app.whatsbot.me/inc/themes/frontend/wimax/assets/fonts/flags/flags/pw.svg]
[app.whatsbot.me/inc/themes/frontend/wimax/assets/fonts/flags/flags/py.svg]
[app.whatsbot.me/inc/themes/frontend/wimax/assets/fonts/flags/flags/qa.svg]
[app.whatsbot.me/inc/themes/frontend/wimax/assets/fonts/flags/flags/re.svg]
[app.whatsbot.me/inc/themes/frontend/wimax/assets/fonts/flags/flags/ro.svg]
[app.whatsbot.me/inc/themes/frontend/wimax/assets/fonts/flags/flags/rs.svg]
[app.whatsbot.me/inc/themes/frontend/wimax/assets/fonts/flags/flags/ru.svg]
[app.whatsbot.me/inc/themes/frontend/wimax/assets/fonts/flags/flags/rw.svg]
[app.whatsbot.me/inc/themes/frontend/wimax/assets/fonts/flags/flags/sa.svg]
[app.whatsbot.me/inc/themes/frontend/wimax/assets/fonts/flags/flags/sb.svg]
[app.whatsbot.me/inc/themes/frontend/wimax/assets/fonts/flags/flags/sc.svg]
[app.whatsbot.me/inc/themes/frontend/wimax/assets/fonts/flags/flags/sd.svg]
[app.whatsbot.me/inc/themes/frontend/wimax/assets/fonts/flags/flags/se.svg]
[app.whatsbot.me/inc/themes/frontend/wimax/assets/fonts/flags/flags/sg.svg]
[app.whatsbot.me/inc/themes/frontend/wimax/assets/fonts/flags/flags/sh.svg]
[app.whatsbot.me/inc/themes/frontend/wimax/assets/fonts/flags/flags/si.svg]
[app.whatsbot.me/inc/themes/frontend/wimax/assets/fonts/flags/flags/sj.svg]
[app.whatsbot.me/inc/themes/frontend/wimax/assets/fonts/flags/flags/sk.svg]
[app.whatsbot.me/inc/themes/frontend/wimax/assets/fonts/flags/flags/sl.svg]
[app.whatsbot.me/inc/themes/frontend/wimax/assets/fonts/flags/flags/sm.svg]
[app.whatsbot.me/inc/themes/frontend/wimax/assets/fonts/flags/flags/sn.svg]
[app.whatsbot.me/inc/themes/frontend/wimax/assets/fonts/flags/flags/so.svg]
[app.whatsbot.me/inc/themes/frontend/wimax/assets/fonts/flags/flags/sr.svg]
[app.whatsbot.me/inc/themes/frontend/wimax/assets/fonts/flags/flags/ss.svg]
[app.whatsbot.me/inc/themes/frontend/wimax/assets/fonts/flags/flags/st.svg]
[app.whatsbot.me/inc/themes/frontend/wimax/assets/fonts/flags/flags/sv.svg]
[app.whatsbot.me/inc/themes/frontend/wimax/assets/fonts/flags/flags/sx.svg]
[app.whatsbot.me/inc/themes/frontend/wimax/assets/fonts/flags/flags/sy.svg]
[app.whatsbot.me/inc/themes/frontend/wimax/assets/fonts/flags/flags/sz.svg]
[app.whatsbot.me/inc/themes/frontend/wimax/assets/fonts/flags/flags/tc.svg]
[app.whatsbot.me/inc/themes/frontend/wimax/assets/fonts/flags/flags/td.svg]
[app.whatsbot.me/inc/themes/frontend/wimax/assets/fonts/flags/flags/tf.svg]
[app.whatsbot.me/inc/themes/frontend/wimax/assets/fonts/flags/flags/tg.svg]
[app.whatsbot.me/inc/themes/frontend/wimax/assets/fonts/flags/flags/th.svg]
[app.whatsbot.me/inc/themes/frontend/wimax/assets/fonts/flags/flags/tj.svg]
[app.whatsbot.me/inc/themes/frontend/wimax/assets/fonts/flags/flags/tk.svg]
[app.whatsbot.me/inc/themes/frontend/wimax/assets/fonts/flags/flags/tl.svg]
[app.whatsbot.me/inc/themes/frontend/wimax/assets/fonts/flags/flags/tm.svg]
[app.whatsbot.me/inc/themes/frontend/wimax/assets/fonts/flags/flags/tn.svg]
[app.whatsbot.me/inc/themes/frontend/wimax/assets/fonts/flags/flags/to.svg]
[app.whatsbot.me/inc/themes/frontend/wimax/assets/fonts/flags/flags/tr.svg]
[app.whatsbot.me/inc/themes/frontend/wimax/assets/fonts/flags/flags/tt.svg]
[app.whatsbot.me/inc/themes/frontend/wimax/assets/fonts/flags/flags/tv.svg]
[app.whatsbot.me/inc/themes/frontend/wimax/assets/fonts/flags/flags/tw.svg]
[app.whatsbot.me/inc/themes/frontend/wimax/assets/fonts/flags/flags/tz.svg]
[app.whatsbot.me/inc/themes/frontend/wimax/assets/fonts/flags/flags/ua.svg]
[app.whatsbot.me/inc/themes/frontend/wimax/assets/fonts/flags/flags/ug.svg]
[app.whatsbot.me/inc/themes/frontend/wimax/assets/fonts/flags/flags/um.svg]
[app.whatsbot.me/inc/themes/frontend/wimax/assets/fonts/flags/flags/us.svg]
[app.whatsbot.me/inc/themes/frontend/wimax/assets/fonts/flags/flags/uy.svg]
[app.whatsbot.me/inc/themes/frontend/wimax/assets/fonts/flags/flags/uz.svg]
[app.whatsbot.me/inc/themes/frontend/wimax/assets/fonts/flags/flags/va.svg]
[app.whatsbot.me/inc/themes/frontend/wimax/assets/fonts/flags/flags/vc.svg]
[app.whatsbot.me/inc/themes/frontend/wimax/assets/fonts/flags/flags/ve.svg]
[app.whatsbot.me/inc/themes/frontend/wimax/assets/fonts/flags/flags/vg.svg]
[app.whatsbot.me/inc/themes/frontend/wimax/assets/fonts/flags/flags/vi.svg]
[app.whatsbot.me/inc/themes/frontend/wimax/assets/fonts/flags/flags/vn.svg]
[app.whatsbot.me/inc/themes/frontend/wimax/assets/fonts/flags/flags/vu.svg]
[app.whatsbot.me/inc/themes/frontend/wimax/assets/fonts/flags/flags/wf.svg]
[app.whatsbot.me/inc/themes/frontend/wimax/assets/fonts/flags/flags/ws.svg]
[app.whatsbot.me/inc/themes/frontend/wimax/assets/fonts/flags/flags/ye.svg]
[app.whatsbot.me/inc/themes/frontend/wimax/assets/fonts/flags/flags/yt.svg]
[app.whatsbot.me/inc/themes/frontend/wimax/assets/fonts/flags/flags/za.svg]
[app.whatsbot.me/inc/themes/frontend/wimax/assets/fonts/flags/flags/zm.svg]
[app.whatsbot.me/inc/themes/frontend/wimax/assets/fonts/flags/flags/zw.svg]
[app.whatsbot.me/inc/themes/frontend/wimax/assets/fonts/flags/flags/es-ct.svg]
[app.whatsbot.me/inc/themes/frontend/wimax/assets/fonts/flags/flags/eu.svg]
[app.whatsbot.me/inc/themes/frontend/wimax/assets/fonts/flags/flags/gb-eng.svg]
[app.whatsbot.me/inc/themes/frontend/wimax/assets/fonts/flags/flags/gb-nir.svg]
[app.whatsbot.me/inc/themes/frontend/wimax/assets/fonts/flags/flags/gb-sct.svg]
[app.whatsbot.me/inc/themes/frontend/wimax/assets/fonts/flags/flags/gb-wls.svg]
[app.whatsbot.me/inc/themes/frontend/wimax/assets/fonts/flags/flag-icon.css]
[app.whatsbot.me/inc/themes/frontend/wimax/assets/fonts/flags/flags/un.svg]
[app.whatsbot.me/inc/themes/frontend/wimax/assets/css/bootstrap.min.css]
[app.whatsbot.me/inc/themes/frontend/wimax/assets/css/default/classy-nav.min.css]
[app.whatsbot.me/inc/themes/frontend/wimax/assets/css/animate.css]
[app.whatsbot.me/inc/themes/frontend/wimax/assets/css/owl.carousel.min.css]
[app.whatsbot.me/inc/themes/frontend/wimax/assets/css/magnific-popup.css]
[app.whatsbot.me/inc/themes/frontend/wimax/assets/css/font-awesome.min.css]
[app.whatsbot.me/inc/themes/frontend/wimax/assets/css/default/lineicons.min.css]
[app.whatsbot.me/inc/themes/frontend/wimax/img/core-img/half-circle.png]
[app.whatsbot.me/inc/themes/frontend/wimax/assets/css/img/core-img/dot2.png]
[app.whatsbot.me/inc/themes/frontend/wimax/assets/img/core-img/half-circle.png]
[app.whatsbot.me/inc/themes/frontend/wimax/assets/css/style.css]
[app.whatsbot.me/inc/themes/frontend/wimax/assets/img/bg-img/hero-6.jpg]
[app.whatsbot.me/signup.html]
[app.whatsbot.me/forgot_password.html]
[app.whatsbot.me/inc/themes/frontend/wimax/assets/fonts/flags/flags/ad.svg]
[app.whatsbot.me/inc/themes/frontend/wimax/assets/fonts/flags/flags/ae.svg]
[app.whatsbot.me/inc/themes/frontend/wimax/assets/fonts/flags/flags/af.svg]
[app.whatsbot.me/inc/themes/frontend/wimax/assets/fonts/flags/flags/ag.svg]
[app.whatsbot.me/inc/themes/frontend/wimax/assets/fonts/flags/flags/ai.svg]
[app.whatsbot.me/inc/themes/frontend/wimax/assets/fonts/flags/flags/al.svg]
[app.whatsbot.me/inc/themes/frontend/wimax/assets/fonts/flags/flags/am.svg]
[app.whatsbot.me/inc/themes/frontend/wimax/assets/fonts/flags/flags/ao.svg]
[app.whatsbot.me/inc/themes/frontend/wimax/assets/fonts/flags/flags/aq.svg]
[app.whatsbot.me/inc/themes/frontend/wimax/assets/fonts/flags/flags/ar.svg]
[app.whatsbot.me/inc/themes/frontend/wimax/assets/fonts/flags/flags/as.svg]
[app.whatsbot.me/inc/themes/frontend/wimax/assets/fonts/flags/flags/at.svg]
[app.whatsbot.me/inc/themes/frontend/wimax/assets/fonts/flags/flags/au.svg]
[app.whatsbot.me/inc/themes/frontend/wimax/assets/fonts/flags/flags/aw.svg]
[app.whatsbot.me/inc/themes/frontend/wimax/assets/fonts/flags/flags/ax.svg]
[app.whatsbot.me/inc/themes/frontend/wimax/assets/fonts/flags/flags/az.svg]
[app.whatsbot.me/inc/themes/frontend/wimax/assets/fonts/flags/flags/ba.svg]
[app.whatsbot.me/inc/themes/frontend/wimax/assets/fonts/flags/flags/bb.svg]
[app.whatsbot.me/inc/themes/frontend/wimax/assets/fonts/flags/flags/bd.svg]
[app.whatsbot.me/inc/themes/frontend/wimax/assets/fonts/flags/flags/be.svg]
[app.whatsbot.me/inc/themes/frontend/wimax/assets/fonts/flags/flags/bf.svg]
[app.whatsbot.me/inc/themes/frontend/wimax/assets/fonts/flags/flags/bg.svg]
[app.whatsbot.me/inc/themes/frontend/wimax/assets/fonts/flags/flags/bh.svg]
[app.whatsbot.me/inc/themes/frontend/wimax/assets/fonts/flags/flags/bi.svg]
[app.whatsbot.me/inc/themes/frontend/wimax/assets/fonts/flags/flags/bj.svg]
[app.whatsbot.me/inc/themes/frontend/wimax/assets/fonts/flags/flags/bl.svg]
[app.whatsbot.me/inc/themes/frontend/wimax/assets/fonts/flags/flags/bm.svg]
[app.whatsbot.me/inc/themes/frontend/wimax/assets/fonts/flags/flags/bn.svg]
[app.whatsbot.me/inc/themes/frontend/wimax/assets/fonts/flags/flags/bo.svg]
[app.whatsbot.me/inc/themes/frontend/wimax/assets/fonts/flags/flags/bq.svg]
[app.whatsbot.me/inc/themes/frontend/wimax/assets/fonts/flags/flags/br.svg]
[app.whatsbot.me/inc/themes/frontend/wimax/assets/fonts/flags/flags/bs.svg]
[app.whatsbot.me/inc/themes/frontend/wimax/assets/fonts/flags/flags/bt.svg]
[app.whatsbot.me/inc/themes/frontend/wimax/assets/fonts/flags/flags/bv.svg]
[app.whatsbot.me/inc/themes/frontend/wimax/assets/fonts/flags/flags/bw.svg]
[app.whatsbot.me/inc/themes/frontend/wimax/assets/fonts/flags/flags/by.svg]
[app.whatsbot.me/inc/themes/frontend/wimax/assets/fonts/flags/flags/bz.svg]
[app.whatsbot.me/inc/themes/frontend/wimax/assets/fonts/flags/flags/ca.svg]
[app.whatsbot.me/inc/themes/frontend/wimax/assets/fonts/flags/flags/cc.svg]
[app.whatsbot.me/inc/themes/frontend/wimax/assets/fonts/flags/flags/cd.svg]
[app.whatsbot.me/inc/themes/frontend/wimax/assets/fonts/flags/flags/cf.svg]
[app.whatsbot.me/inc/themes/frontend/wimax/assets/fonts/flags/flags/cg.svg]
[app.whatsbot.me/inc/themes/frontend/wimax/assets/fonts/flags/flags/ch.svg]
[app.whatsbot.me/inc/themes/frontend/wimax/assets/fonts/flags/flags/ci.svg]
[app.whatsbot.me/inc/themes/frontend/wimax/assets/fonts/flags/flags/ck.svg]
[app.whatsbot.me/inc/themes/frontend/wimax/assets/fonts/flags/flags/cl.svg]
[app.whatsbot.me/inc/themes/frontend/wimax/assets/fonts/flags/flags/cm.svg]
[app.whatsbot.me/inc/themes/frontend/wimax/assets/fonts/flags/flags/cn.svg]
[app.whatsbot.me/inc/themes/frontend/wimax/assets/fonts/flags/flags/co.svg]
[app.whatsbot.me/inc/themes/frontend/wimax/assets/fonts/flags/flags/cr.svg]
[app.whatsbot.me/inc/themes/frontend/wimax/assets/fonts/flags/flags/cu.svg]
[app.whatsbot.me/inc/themes/frontend/wimax/assets/fonts/flags/flags/cv.svg]
[app.whatsbot.me/inc/themes/frontend/wimax/assets/fonts/flags/flags/cw.svg]
[app.whatsbot.me/inc/themes/frontend/wimax/assets/fonts/flags/flags/cx.svg]
[app.whatsbot.me/inc/themes/frontend/wimax/assets/fonts/flags/flags/cy.svg]
[app.whatsbot.me/inc/themes/frontend/wimax/assets/fonts/flags/flags/cz.svg]
[app.whatsbot.me/inc/themes/frontend/wimax/assets/fonts/flags/flags/de.svg]
[app.whatsbot.me/inc/themes/frontend/wimax/assets/fonts/flags/flags/dj.svg]
[app.whatsbot.me/inc/themes/frontend/wimax/assets/fonts/flags/flags/dk.svg]
[app.whatsbot.me/inc/themes/frontend/wimax/assets/fonts/flags/flags/dm.svg]
[app.whatsbot.me/inc/themes/frontend/wimax/assets/fonts/flags/flags/do.svg]
[app.whatsbot.me/inc/themes/frontend/wimax/assets/fonts/flags/flags/dz.svg]
[app.whatsbot.me/inc/themes/frontend/wimax/assets/fonts/flags/flags/ec.svg]
[app.whatsbot.me/inc/themes/frontend/wimax/assets/fonts/flags/flags/ee.svg]
[app.whatsbot.me/inc/themes/frontend/wimax/assets/fonts/flags/flags/eg.svg]
[app.whatsbot.me/inc/themes/frontend/wimax/assets/fonts/flags/flags/eh.svg]
[app.whatsbot.me/inc/themes/frontend/wimax/assets/fonts/flags/flags/er.svg]
[app.whatsbot.me/inc/themes/frontend/wimax/assets/fonts/flags/flags/es.svg]
[app.whatsbot.me/inc/themes/frontend/wimax/assets/fonts/flags/flags/et.svg]
[app.whatsbot.me/inc/themes/frontend/wimax/assets/fonts/flags/flags/fi.svg]
[app.whatsbot.me/inc/themes/frontend/wimax/assets/fonts/flags/flags/fj.svg]
[app.whatsbot.me/inc/themes/frontend/wimax/assets/fonts/flags/flags/fk.svg]
[app.whatsbot.me/inc/themes/frontend/wimax/assets/fonts/flags/flags/fm.svg]
[app.whatsbot.me/inc/themes/frontend/wimax/assets/fonts/flags/flags/fo.svg]
[app.whatsbot.me/inc/themes/frontend/wimax/assets/fonts/flags/flags/fr.svg]
[app.whatsbot.me/inc/themes/frontend/wimax/assets/fonts/flags/flags/ga.svg]
[app.whatsbot.me/inc/themes/frontend/wimax/assets/fonts/flags/flags/gb.svg]
[app.whatsbot.me/inc/themes/frontend/wimax/assets/fonts/flags/flags/gd.svg]
[app.whatsbot.me/inc/themes/frontend/wimax/assets/fonts/flags/flags/ge.svg]
[app.whatsbot.me/inc/themes/frontend/wimax/assets/fonts/flags/flags/gf.svg]
[app.whatsbot.me/inc/themes/frontend/wimax/assets/fonts/flags/flags/gg.svg]
[app.whatsbot.me/inc/themes/frontend/wimax/assets/fonts/flags/flags/gh.svg]
[app.whatsbot.me/inc/themes/frontend/wimax/assets/fonts/flags/flags/gi.svg]
[app.whatsbot.me/inc/themes/frontend/wimax/assets/fonts/flags/flags/gl.svg]
[app.whatsbot.me/inc/themes/frontend/wimax/assets/fonts/flags/flags/gm.svg]
[app.whatsbot.me/inc/themes/frontend/wimax/assets/fonts/flags/flags/gn.svg]
[app.whatsbot.me/inc/themes/frontend/wimax/assets/fonts/flags/flags/gp.svg]
[app.whatsbot.me/inc/themes/frontend/wimax/assets/fonts/flags/flags/gq.svg]
[app.whatsbot.me/inc/themes/frontend/wimax/assets/fonts/flags/flags/gr.svg]
[app.whatsbot.me/inc/themes/frontend/wimax/assets/fonts/flags/flags/gs.svg]
[app.whatsbot.me/inc/themes/frontend/wimax/assets/fonts/flags/flags/gt.svg]
[app.whatsbot.me/inc/themes/frontend/wimax/assets/fonts/flags/flags/gu.svg]
[app.whatsbot.me/inc/themes/frontend/wimax/assets/fonts/flags/flags/gw.svg]
[app.whatsbot.me/inc/themes/frontend/wimax/assets/fonts/flags/flags/gy.svg]
[app.whatsbot.me/inc/themes/frontend/wimax/assets/fonts/flags/flags/hk.svg]
[app.whatsbot.me/inc/themes/frontend/wimax/assets/fonts/flags/flags/hm.svg]
[app.whatsbot.me/inc/themes/frontend/wimax/assets/fonts/flags/flags/hn.svg]
[app.whatsbot.me/inc/themes/frontend/wimax/assets/fonts/flags/flags/hr.svg]
[app.whatsbot.me/inc/themes/frontend/wimax/assets/fonts/flags/flags/ht.svg]
[app.whatsbot.me/inc/themes/frontend/wimax/assets/fonts/flags/flags/hu.svg]
[app.whatsbot.me/inc/themes/frontend/wimax/assets/fonts/flags/flags/id.svg]
[app.whatsbot.me/inc/themes/frontend/wimax/assets/fonts/flags/flags/ie.svg]
[app.whatsbot.me/inc/themes/frontend/wimax/assets/fonts/flags/flags/il.svg]
[app.whatsbot.me/inc/themes/frontend/wimax/assets/fonts/flags/flags/im.svg]
[app.whatsbot.me/inc/themes/frontend/wimax/assets/fonts/flags/flags/in.svg]
[app.whatsbot.me/inc/themes/frontend/wimax/assets/fonts/flags/flags/io.svg]
[app.whatsbot.me/inc/themes/frontend/wimax/assets/fonts/flags/flags/iq.svg]
[app.whatsbot.me/inc/themes/frontend/wimax/assets/fonts/flags/flags/ir.svg]
[app.whatsbot.me/inc/themes/frontend/wimax/assets/fonts/flags/flags/is.svg]
[app.whatsbot.me/inc/themes/frontend/wimax/assets/fonts/flags/flags/it.svg]
[app.whatsbot.me/inc/themes/frontend/wimax/assets/fonts/flags/flags/je.svg]
[app.whatsbot.me/inc/themes/frontend/wimax/assets/fonts/flags/flags/jm.svg]
[app.whatsbot.me/inc/themes/frontend/wimax/assets/fonts/flags/flags/jo.svg]
[app.whatsbot.me/inc/themes/frontend/wimax/assets/fonts/flags/flags/jp.svg]
[app.whatsbot.me/inc/themes/frontend/wimax/assets/fonts/flags/flags/ke.svg]
[app.whatsbot.me/inc/themes/frontend/wimax/assets/fonts/flags/flags/kg.svg]
[app.whatsbot.me/inc/themes/frontend/wimax/assets/fonts/flags/flags/kh.svg]
[app.whatsbot.me/inc/themes/frontend/wimax/assets/fonts/flags/flags/ki.svg]
[app.whatsbot.me/inc/themes/frontend/wimax/assets/fonts/flags/flags/km.svg]
[app.whatsbot.me/inc/themes/frontend/wimax/assets/fonts/flags/flags/kn.svg]
[app.whatsbot.me/inc/themes/frontend/wimax/assets/fonts/flags/flags/kp.svg]
[app.whatsbot.me/inc/themes/frontend/wimax/assets/fonts/flags/flags/kr.svg]
[app.whatsbot.me/inc/themes/frontend/wimax/assets/fonts/flags/flags/kw.svg]
[app.whatsbot.me/inc/themes/frontend/wimax/assets/fonts/flags/flags/ky.svg]
[app.whatsbot.me/inc/themes/frontend/wimax/assets/fonts/flags/flags/kz.svg]
[app.whatsbot.me/inc/themes/frontend/wimax/assets/fonts/flags/flags/la.svg]
[app.whatsbot.me/inc/themes/frontend/wimax/assets/fonts/flags/flags/lb.svg]
[app.whatsbot.me/inc/themes/frontend/wimax/assets/fonts/flags/flags/lc.svg]
[app.whatsbot.me/inc/themes/frontend/wimax/assets/fonts/flags/flags/li.svg]
[app.whatsbot.me/inc/themes/frontend/wimax/assets/fonts/flags/flags/lk.svg]
[app.whatsbot.me/inc/themes/frontend/wimax/assets/fonts/flags/flags/lr.svg]
[app.whatsbot.me/inc/themes/frontend/wimax/assets/fonts/flags/flags/ls.svg]
[app.whatsbot.me/inc/themes/frontend/wimax/assets/fonts/flags/flags/lt.svg]
[app.whatsbot.me/inc/themes/frontend/wimax/assets/fonts/flags/flags/lu.svg]
[app.whatsbot.me/inc/themes/frontend/wimax/assets/fonts/flags/flags/lv.svg]
[app.whatsbot.me/inc/themes/frontend/wimax/assets/fonts/flags/flags/ly.svg]
[app.whatsbot.me/inc/themes/frontend/wimax/assets/fonts/flags/flags/ma.svg]
[app.whatsbot.me/inc/themes/frontend/wimax/assets/fonts/flags/flags/mc.svg]
[app.whatsbot.me/inc/themes/frontend/wimax/assets/fonts/flags/flags/md.svg]
[app.whatsbot.me/inc/themes/frontend/wimax/assets/fonts/flags/flags/me.svg]
[app.whatsbot.me/inc/themes/frontend/wimax/assets/fonts/flags/flags/mf.svg]
[app.whatsbot.me/inc/themes/frontend/wimax/assets/fonts/flags/flags/mg.svg]
[app.whatsbot.me/inc/themes/frontend/wimax/assets/fonts/flags/flags/mh.svg]
[app.whatsbot.me/inc/themes/frontend/wimax/assets/fonts/flags/flags/mk.svg]
[app.whatsbot.me/inc/themes/frontend/wimax/assets/fonts/flags/flags/ml.svg]
[app.whatsbot.me/inc/themes/frontend/wimax/assets/fonts/flags/flags/mm.svg]
[app.whatsbot.me/inc/themes/frontend/wimax/assets/fonts/flags/flags/mn.svg]
[app.whatsbot.me/inc/themes/frontend/wimax/assets/fonts/flags/flags/mo.svg]
[app.whatsbot.me/inc/themes/frontend/wimax/assets/fonts/flags/flags/mp.svg]
[app.whatsbot.me/inc/themes/frontend/wimax/assets/fonts/flags/flags/mq.svg]
[app.whatsbot.me/inc/themes/frontend/wimax/assets/fonts/flags/flags/mr.svg]
[app.whatsbot.me/inc/themes/frontend/wimax/assets/fonts/flags/flags/ms.svg]
[app.whatsbot.me/inc/themes/frontend/wimax/assets/fonts/flags/flags/mt.svg]
[app.whatsbot.me/inc/themes/frontend/wimax/assets/fonts/flags/flags/mu.svg]
[app.whatsbot.me/inc/themes/frontend/wimax/assets/fonts/flags/flags/mv.svg]
[app.whatsbot.me/inc/themes/frontend/wimax/assets/fonts/flags/flags/mw.svg]
[app.whatsbot.me/inc/themes/frontend/wimax/assets/fonts/flags/flags/mx.svg]
[app.whatsbot.me/inc/themes/frontend/wimax/assets/fonts/flags/flags/my.svg]
[app.whatsbot.me/inc/themes/frontend/wimax/assets/fonts/flags/flags/mz.svg]
[app.whatsbot.me/inc/themes/frontend/wimax/assets/fonts/flags/flags/na.svg]
[app.whatsbot.me/inc/themes/frontend/wimax/assets/fonts/flags/flags/nc.svg]
[app.whatsbot.me/inc/themes/frontend/wimax/assets/fonts/flags/flags/ne.svg]
[app.whatsbot.me/inc/themes/frontend/wimax/assets/fonts/flags/flags/nf.svg]
[app.whatsbot.me/inc/themes/frontend/wimax/assets/fonts/flags/flags/ng.svg]
[app.whatsbot.me/inc/themes/frontend/wimax/assets/fonts/flags/flags/ni.svg]
[app.whatsbot.me/inc/themes/frontend/wimax/assets/fonts/flags/flags/nl.svg]
[app.whatsbot.me/inc/themes/frontend/wimax/assets/fonts/flags/flags/no.svg]
[app.whatsbot.me/inc/themes/frontend/wimax/assets/fonts/flags/flags/np.svg]
[app.whatsbot.me/inc/themes/frontend/wimax/assets/fonts/flags/flags/nr.svg]
[app.whatsbot.me/inc/themes/frontend/wimax/assets/fonts/flags/flags/nu.svg]
[app.whatsbot.me/inc/themes/frontend/wimax/assets/fonts/flags/flags/nz.svg]
[app.whatsbot.me/inc/themes/frontend/wimax/assets/fonts/flags/flags/om.svg]
[app.whatsbot.me/inc/themes/frontend/wimax/assets/fonts/flags/flags/pa.svg]
[app.whatsbot.me/inc/themes/frontend/wimax/assets/fonts/flags/flags/pe.svg]
[app.whatsbot.me/inc/themes/frontend/wimax/assets/fonts/flags/flags/pf.svg]
[app.whatsbot.me/inc/themes/frontend/wimax/assets/fonts/flags/flags/pg.svg]
[app.whatsbot.me/inc/themes/frontend/wimax/assets/fonts/flags/flags/ph.svg]
[app.whatsbot.me/inc/themes/frontend/wimax/assets/fonts/flags/flags/pk.svg]
[app.whatsbot.me/inc/themes/frontend/wimax/assets/fonts/flags/flags/pl.svg]
[app.whatsbot.me/inc/themes/frontend/wimax/assets/fonts/flags/flags/pm.svg]
[app.whatsbot.me/inc/themes/frontend/wimax/assets/fonts/flags/flags/pn.svg]
[app.whatsbot.me/inc/themes/frontend/wimax/assets/fonts/flags/flags/pr.svg]
[app.whatsbot.me/inc/themes/frontend/wimax/assets/fonts/flags/flags/ps.svg]
[app.whatsbot.me/inc/themes/frontend/wimax/assets/fonts/flags/flags/pt.svg]
[app.whatsbot.me/inc/themes/frontend/wimax/assets/fonts/flags/flags/pw.svg]
[app.whatsbot.me/inc/themes/frontend/wimax/assets/fonts/flags/flags/py.svg]
[app.whatsbot.me/inc/themes/frontend/wimax/assets/fonts/flags/flags/qa.svg]
[app.whatsbot.me/inc/themes/frontend/wimax/assets/fonts/flags/flags/re.svg]
[app.whatsbot.me/inc/themes/frontend/wimax/assets/fonts/flags/flags/ro.svg]
[app.whatsbot.me/inc/themes/frontend/wimax/assets/fonts/flags/flags/rs.svg]
[app.whatsbot.me/inc/themes/frontend/wimax/assets/fonts/flags/flags/ru.svg]
[app.whatsbot.me/inc/themes/frontend/wimax/assets/fonts/flags/flags/rw.svg]
[app.whatsbot.me/inc/themes/frontend/wimax/assets/fonts/flags/flags/sa.svg]
[app.whatsbot.me/inc/themes/frontend/wimax/assets/fonts/flags/flags/sb.svg]
[app.whatsbot.me/inc/themes/frontend/wimax/assets/fonts/flags/flags/sc.svg]
[app.whatsbot.me/inc/themes/frontend/wimax/assets/fonts/flags/flags/sd.svg]
[app.whatsbot.me/inc/themes/frontend/wimax/assets/fonts/flags/flags/se.svg]
[app.whatsbot.me/inc/themes/frontend/wimax/assets/fonts/flags/flags/sg.svg]
[app.whatsbot.me/inc/themes/frontend/wimax/assets/fonts/flags/flags/sh.svg]
[app.whatsbot.me/inc/themes/frontend/wimax/assets/fonts/flags/flags/si.svg]
[app.whatsbot.me/inc/themes/frontend/wimax/assets/fonts/flags/flags/sj.svg]
[app.whatsbot.me/inc/themes/frontend/wimax/assets/fonts/flags/flags/sk.svg]
[app.whatsbot.me/inc/themes/frontend/wimax/assets/fonts/flags/flags/sl.svg]
[app.whatsbot.me/inc/themes/frontend/wimax/assets/fonts/flags/flags/sm.svg]
[app.whatsbot.me/inc/themes/frontend/wimax/assets/fonts/flags/flags/sn.svg]
[app.whatsbot.me/inc/themes/frontend/wimax/assets/fonts/flags/flags/so.svg]
[app.whatsbot.me/inc/themes/frontend/wimax/assets/fonts/flags/flags/sr.svg]
[app.whatsbot.me/inc/themes/frontend/wimax/assets/fonts/flags/flags/ss.svg]
[app.whatsbot.me/inc/themes/frontend/wimax/assets/fonts/flags/flags/st.svg]
[app.whatsbot.me/inc/themes/frontend/wimax/assets/fonts/flags/flags/sv.svg]
[app.whatsbot.me/inc/themes/frontend/wimax/assets/fonts/flags/flags/sx.svg]
[app.whatsbot.me/inc/themes/frontend/wimax/assets/fonts/flags/flags/sy.svg]
[app.whatsbot.me/inc/themes/frontend/wimax/assets/fonts/flags/flags/sz.svg]
[app.whatsbot.me/inc/themes/frontend/wimax/assets/fonts/flags/flags/tc.svg]
[app.whatsbot.me/inc/themes/frontend/wimax/assets/fonts/flags/flags/td.svg]
[app.whatsbot.me/inc/themes/frontend/wimax/assets/fonts/flags/flags/tf.svg]
[app.whatsbot.me/inc/themes/frontend/wimax/assets/fonts/flags/flags/tg.svg]
[app.whatsbot.me/inc/themes/frontend/wimax/assets/fonts/flags/flags/th.svg]
[app.whatsbot.me/inc/themes/frontend/wimax/assets/fonts/flags/flags/tj.svg]
[app.whatsbot.me/inc/themes/frontend/wimax/assets/fonts/flags/flags/tk.svg]
[app.whatsbot.me/inc/themes/frontend/wimax/assets/fonts/flags/flags/tl.svg]
[app.whatsbot.me/inc/themes/frontend/wimax/assets/fonts/flags/flags/tm.svg]
[app.whatsbot.me/inc/themes/frontend/wimax/assets/fonts/flags/flags/tn.svg]
[app.whatsbot.me/inc/themes/frontend/wimax/assets/fonts/flags/flags/to.svg]
[app.whatsbot.me/inc/themes/frontend/wimax/assets/fonts/flags/flags/tr.svg]
[app.whatsbot.me/inc/themes/frontend/wimax/assets/fonts/flags/flags/tt.svg]
[app.whatsbot.me/inc/themes/frontend/wimax/assets/fonts/flags/flags/tv.svg]
[app.whatsbot.me/inc/themes/frontend/wimax/assets/fonts/flags/flags/tw.svg]
[app.whatsbot.me/inc/themes/frontend/wimax/assets/fonts/flags/flags/tz.svg]
[app.whatsbot.me/inc/themes/frontend/wimax/assets/fonts/flags/flags/ua.svg]
[app.whatsbot.me/inc/themes/frontend/wimax/assets/fonts/flags/flags/ug.svg]
[app.whatsbot.me/inc/themes/frontend/wimax/assets/fonts/flags/flags/um.svg]
[app.whatsbot.me/inc/themes/frontend/wimax/assets/fonts/flags/flags/us.svg]
[app.whatsbot.me/inc/themes/frontend/wimax/assets/fonts/flags/flags/uy.svg]
[app.whatsbot.me/inc/themes/frontend/wimax/assets/fonts/flags/flags/uz.svg]
[app.whatsbot.me/inc/themes/frontend/wimax/assets/fonts/flags/flags/va.svg]
[app.whatsbot.me/inc/themes/frontend/wimax/assets/fonts/flags/flags/vc.svg]
[app.whatsbot.me/inc/themes/frontend/wimax/assets/fonts/flags/flags/ve.svg]
[app.whatsbot.me/inc/themes/frontend/wimax/assets/fonts/flags/flags/vg.svg]
[app.whatsbot.me/inc/themes/frontend/wimax/assets/fonts/flags/flags/vi.svg]
[app.whatsbot.me/inc/themes/frontend/wimax/assets/fonts/flags/flags/vn.svg]
[app.whatsbot.me/inc/themes/frontend/wimax/assets/fonts/flags/flags/vu.svg]
[app.whatsbot.me/inc/themes/frontend/wimax/assets/fonts/flags/flags/wf.svg]
[app.whatsbot.me/inc/themes/frontend/wimax/assets/fonts/flags/flags/ws.svg]
[app.whatsbot.me/inc/themes/frontend/wimax/assets/fonts/flags/flags/ye.svg]
[app.whatsbot.me/inc/themes/frontend/wimax/assets/fonts/flags/flags/yt.svg]
[app.whatsbot.me/inc/themes/frontend/wimax/assets/fonts/flags/flags/za.svg]
[app.whatsbot.me/inc/themes/frontend/wimax/assets/fonts/flags/flags/zm.svg]
[app.whatsbot.me/inc/themes/frontend/wimax/assets/fonts/flags/flags/zw.svg]
[app.whatsbot.me/inc/themes/frontend/wimax/assets/fonts/flags/flags/es-ct.svg]
[app.whatsbot.me/inc/themes/frontend/wimax/assets/fonts/flags/flags/eu.svg]
[app.whatsbot.me/inc/themes/frontend/wimax/assets/fonts/flags/flags/gb-eng.svg]
[app.whatsbot.me/inc/themes/frontend/wimax/assets/fonts/flags/flags/gb-nir.svg]
[app.whatsbot.me/inc/themes/frontend/wimax/assets/fonts/flags/flags/gb-sct.svg]
[app.whatsbot.me/inc/themes/frontend/wimax/assets/fonts/flags/flags/gb-wls.svg]
[app.whatsbot.me/inc/themes/frontend/wimax/assets/fonts/flags/flags/un.svg]
[app.whatsbot.me/inc/themes/frontend/wimax/assets/css/bootstrap.min.css]
[app.whatsbot.me/inc/themes/frontend/wimax/assets/fonts/classy-fontscb9bcb9b.eot]
[app.whatsbot.me/inc/themes/frontend/wimax/assets/fonts/classy-fontscb9bcb9b.ttf]
[app.whatsbot.me/inc/themes/frontend/wimax/assets/fonts/classy-fontscb9bcb9b.woff]
[app.whatsbot.me/inc/themes/frontend/wimax/assets/css/default/classy-nav.min.css]
[app.whatsbot.me/inc/themes/frontend/wimax/assets/css/animate.css]
[app.whatsbot.me/inc/themes/frontend/wimax/assets/fonts/classy-fontscb9bcb9b.svg]
[app.whatsbot.me/inc/themes/frontend/wimax/assets/css/owl.carousel.min.css]
[app.whatsbot.me/inc/themes/frontend/wimax/assets/css/magnific-popup.css]
[app.whatsbot.me/inc/themes/frontend/wimax/assets/css/owl.video.play.html]
[app.whatsbot.me/inc/themes/frontend/wimax/assets/webfonts/fa-brands-400.woff2]
[app.whatsbot.me/inc/themes/frontend/wimax/assets/webfonts/fa-brands-400.ttf]
[app.whatsbot.me/inc/themes/frontend/wimax/assets/webfonts/fa-regular-400.woff2]
[app.whatsbot.me/inc/themes/frontend/wimax/assets/webfonts/fa-regular-400.ttf]
[app.whatsbot.me/inc/themes/frontend/wimax/assets/webfonts/fa-solid-900.woff2]
[app.whatsbot.me/inc/themes/frontend/wimax/assets/webfonts/fa-solid-900.ttf]
[app.whatsbot.me/inc/themes/frontend/wimax/assets/webfonts/fa-v4compatibility.woff2]
[app.whatsbot.me/inc/themes/frontend/wimax/assets/webfonts/fa-v4compatibility.ttf]
[app.whatsbot.me/inc/themes/frontend/wimax/assets/css/font-awesome.min.css]
[app.whatsbot.me/inc/themes/frontend/wimax/assets/fonts/LineIcons55945594.eot]
[app.whatsbot.me/inc/themes/frontend/wimax/assets/fonts/LineIcons55945594.ttf]
[app.whatsbot.me/inc/themes/frontend/wimax/assets/fonts/LineIcons55945594.woff]
[app.whatsbot.me/inc/themes/frontend/wimax/assets/css/default/lineicons.min.css]
[app.whatsbot.me/inc/themes/frontend/wimax/img/core-img/half-circle.html]
[app.whatsbot.me/inc/themes/frontend/wimax/assets/css/img/core-img/dot2.html]
[app.whatsbot.me/inc/themes/frontend/wimax/assets/fonts/classy-fontscb9bcb9b.svg]
[app.whatsbot.me/inc/themes/frontend/wimax/assets/fonts/LineIcons55945594.svg]
[designing-world.com/wp-content/uploads/2019/01/tf-1.png]
[designing-world.com/wp-includes/css/dist/block-library/style.min5697.css]
[designing-world.com/wp-content/plugins/contact-form-7/includes/css/styles3c21.css]
[designing-world.com/wp-content/plugins/essential-grid/public/assets/css/settings5bf8.css]
[designing-world.com/wp-content/plugins/essential-grid/public/assets/font/fontello/css/fontello5bf8.css]
[designing-world.com/wp-content/plugins/revslider/public/assets/css/settings23da.css]
[designing-world.com/wp-content/plugins/trx_addons/js/swiper/swiper.min.css]
[designing-world.com/wp-content/plugins/trx_addons/js/magnific/magnific-popup.min.css]
[designing-world.com/wp-content/plugins/trx_addons/css/font-icons/css/trx_addons_icons-embedded.css]
[designing-world.com/wp-content/plugins/trx_addons/css/trx_addons.css]
[designing-world.com/wp-content/plugins/trx_addons/css/trx_addons.animation.css]
[designing-world.com/wp-content/plugins/wp-image-makers-easy-hotspot-solution/assets/css/front8a54.css]
[designing-world.com/wp-content/plugins/wp-image-makers-easy-hotspot-solution/assets/css/animate49eb.css]
[designing-world.com/wp-content/themes/artrium/style.css]
[designing-world.com/wp-content/themes/artrium/css/font-icons/css/fontello-embedded.css]
[designing-world.com/wp-content/themes/artrium/css/__custom.css]
[designing-world.com/wp-content/themes/artrium/css/__colors_default.css]
[designing-world.com/wp-content/themes/artrium/css/__colors_dark.css]
[designing-world.com/wp-includes/js/mediaelement/mediaelementplayer-legacy.minc270.css]
[designing-world.com/wp-includes/js/mediaelement/wp-mediaelement.min5697.css]
[designing-world.com/wp-content/plugins/trx_addons/css/trx_addons.responsive.css]
[designing-world.com/wp-content/themes/artrium/css/responsive.css]
[designing-world.com/wp-includes/js/jquery/jquery4a5f.js]
[designing-world.com/wp-content/plugins/essential-grid/public/assets/js/jquery.esgbox.min5bf8.js]
[designing-world.com/wp-content/plugins/essential-grid/public/assets/js/jquery.themepunch.tools.min5bf8.js]
[designing-world.com/wp-content/plugins/revslider/public/assets/js/jquery.themepunch.revolution.min23da.js]
[designing-world.com/wp-content/plugins/wp-image-makers-easy-hotspot-solution/assets/js/front8a54.js]
[designing-world.com/wp-content/plugins/trx_addons/components/shortcodes/skills/chart.min.js]
[designing-world.com/wp-content/plugins/trx_addons/components/cpt/layouts/shortcodes/menu/superfish.min.js]
[designing-world.com/wp-content/plugins/contact-form-7/includes/js/scripts3c21.js]
[designing-world.com/wp-content/plugins/trx_addons/js/magnific/jquery.magnific-popup.min.js]
[designing-world.com/wp-content/plugins/trx_addons/js/trx_addons.js]
[designing-world.com/wp-content/themes/artrium/js/__scripts.js]
[designing-world.com/wp-includes/js/mediaelement/mediaelement-and-player.minc270.js]
[designing-world.com/wp-includes/js/mediaelement/mediaelement-migrate.min5697.js]
[designing-world.com/wp-includes/js/mediaelement/wp-mediaelement.min5697.js]
[designing-world.com/wp-includes/js/wp-embed.min5697.js]
[app.whatsbot.me/inc/themes/frontend/wimax/assets/css/owl.video.play.html]
[app.whatsbot.me/inc/themes/frontend/wimax/assets/fonts/LineIcons55945594.svg]
[designing-world.com/wp-includes/css/dist/block-library/style.min5697.css]
[designing-world.com/wp-content/plugins/contact-form-7/images/ajax-loader.gif]
[designing-world.com/wp-content/plugins/contact-form-7/includes/css/styles3c21.css]
[designing-world.com/wp-content/plugins/essential-grid/public/assets/images/ajax-loader.gif]
[designing-world.com/wp-content/plugins/essential-grid/public/assets/images/loader.gif]
[designing-world.com/wp-content/plugins/essential-grid/public/assets/css/settings5bf8.css]
[designing-world.com/wp-content/plugins/essential-grid/public/assets/font/fontello/css/fontello5bf8.css]
[designing-world.com/wp-content/plugins/revslider/public/assets/css/openhand.cur]
[designing-world.com/wp-content/plugins/revslider/public/assets/css/closedhand.cur]
[designing-world.com/wp-content/plugins/revslider/public/assets/assets/gridtile.png]
[designing-world.com/wp-content/plugins/revslider/public/assets/assets/gridtile_white.png]
[designing-world.com/wp-content/plugins/revslider/public/assets/assets/gridtile_3x3.png]
[designing-world.com/wp-content/plugins/revslider/public/assets/assets/gridtile_3x3_white.png]
[designing-world.com/wp-content/plugins/revslider/public/assets/assets/coloredbg.png]
[designing-world.com/wp-content/plugins/revslider/public/assets/assets/loader.gif]
[designing-world.com/wp-content/plugins/revslider/public/assets/css/settings23da.css]
[designing-world.com/wp-content/plugins/trx_addons/css/font-icons/css/trx_addons_icons-embedded.css]
[designing-world.com/wp-content/plugins/trx_addons/js/swiper/swiper.min.css]
[designing-world.com/wp-content/plugins/trx_addons/js/magnific/magnific-popup.min.css]
[designing-world.com/wp-content/plugins/trx_addons/css/trx_addons.debug.css]
[designing-world.com/wp-content/plugins/trx_addons/css/images/preloader.gif]
[designing-world.com/wp-content/plugins/trx_addons/css/images/colorpicker_morecolors.png]
[designing-world.com/wp-content/plugins/trx_addons/css/trx_addons.css]
[designing-world.com/wp-content/plugins/trx_addons/css/trx_addons.animation.css]
[designing-world.com/wp-content/plugins/wp-image-makers-easy-hotspot-solution/assets/css/front8a54.css]
[designing-world.com/wp-content/plugins/wp-image-makers-easy-hotspot-solution/assets/css/animate49eb.css]
[designing-world.com/wp-content/themes/artrium/css/font-icons/css/fontello-embedded.css]
[designing-world.com/wp-content/themes/artrium/images/preloader.gif]
[designing-world.com/wp-content/themes/artrium/style.css]
[designing-world.com/wp-content/themes/artrium/css/__custom.css]
[designing-world.com/wp-content/themes/artrium/css/__colors_default.css]
[designing-world.com/wp-content/themes/artrium/css/__colors_dark.css]
[designing-world.com/wp-includes/js/mediaelement/mejs-controls.svg]
[designing-world.com/wp-includes/js/mediaelement/mediaelementplayer-legacy.minc270.css]
[designing-world.com/wp-includes/js/mediaelement/wp-mediaelement.min5697.css]
[designing-world.com/wp-content/plugins/trx_addons/css/trx_addons.responsive.css]
[designing-world.com/wp-content/themes/artrium/css/responsive.css]
[designing-world.com/wp-content/plugins/trx_addons/css/trx_addons.debug.css]
[designing-world.com/wp-includes/js/mediaelement/mejs-controls.svg]
